../Core/Src/main.cpp:103:5:int main()	24	static
../Core/Src/main.cpp:223:6:void SystemClock_Config()	88	static
../Core/Src/main.cpp:271:13:void MX_I2C1_Init()	8	static
../Core/Src/main.cpp:305:13:void MX_TIM1_Init()	96	static
../Core/Src/main.cpp:392:13:void MX_TIM2_Init()	56	static
../Core/Src/main.cpp:441:13:void MX_TIM3_Init()	56	static
../Core/Src/main.cpp:490:13:void MX_TIM5_Init()	56	static
../Core/Src/main.cpp:539:13:void MX_USART2_UART_Init()	8	static
../Core/Src/main.cpp:572:13:void MX_GPIO_Init()	48	static
../Core/Src/main.cpp:628:6:void Error_Handler()	4	static,ignoring_inline_asm
../Core/Src/main.cpp:637:1:void __static_initialization_and_destruction_0(int, int)	24	static
../Core/Src/main.cpp:637:1:cpp)	8	static
